
   FAIL  Tests\Feature\JobsModuleTest
  Γ¿» assign job to employee with overrides
  ΓöÇΓöÇΓöÇΓöÇΓöÇΓöÇΓöÇΓöÇΓöÇΓöÇΓöÇΓöÇΓöÇΓöÇΓöÇΓöÇΓöÇΓöÇΓöÇΓöÇΓöÇΓöÇΓöÇΓöÇΓöÇΓöÇΓöÇΓöÇΓöÇΓöÇΓöÇΓöÇΓöÇΓöÇ  
   FAILEDΓÇª  MassAssignmentException   
  Add [name] to fillable property to allow mass assignment on [App\Models\Department].

  at vendor\laravel\framework\src\Illuminate\Database\Eloquent\Model.php:624
    620Γûò             } elseif ($totallyGuarded || static::preventsSilentlyDiscardingAttributes()) {
    621Γûò                 if (isset(static::$discardedAttributeViolationCallback)) {
    622Γûò                     call_user_func(static::$discardedAttributeViolationCallback, $this, [$key]);
    623Γûò                 } else {
  Γ₧£ 624Γûò                     throw new MassAssignmentException(sprintf(
    625Γûò                         'Add [%s] to fillable property to allow mass assignment on [%s].',
    626Γûò                         $key, get_class($this)
    627Γûò                     ));
    628Γûò                 }

  1   vendor\laravel\framework\src\Illuminate\Database\Eloquent\Model.php:624
  2   vendor\laravel\framework\src\Illuminate\Database\Eloquent\Model.php:713


  Tests:    1 failed (0 assertions)
  Duration: 1.25s

